//
// AUTO-GENERATED FILE. DO NOT MODIFY.
//
// This class was automatically generated by Apollo GraphQL version '$VERSION'.
//
package com.example.multiple_fragments.fragment;

import com.apollographql.apollo3.api.Fragment;
import java.lang.String;

public class Fragment2 implements Fragment.Data {
  public String field2;

  public Fragment2(String field2) {
    this.field2 = field2;
  }
}
