//
// AUTO-GENERATED FILE. DO NOT MODIFY.
//
// This class was automatically generated by Apollo GraphQL version '$VERSION'.
//
package com.example.multiple_fragments.fragment;

import com.apollographql.apollo3.api.CompiledField;
import com.apollographql.apollo3.api.CompositeAdapter;
import com.apollographql.apollo3.api.CustomScalarAdapters;
import com.apollographql.apollo3.api.Fragment;
import com.apollographql.apollo3.api.ObjectCompositeAdapter;
import com.apollographql.apollo3.api.json.JsonWriter;
import com.example.multiple_fragments.fragment.selections.fragment1Selections;
import com.example.multiple_fragments.type.ANode;
import java.io.IOException;
import java.lang.Override;

public class Fragment1Impl implements Fragment<Fragment1> {
  public Fragment1Impl() {

  }

  @Override
  public void serializeVariables(JsonWriter writer, CustomScalarAdapters customScalarAdapters,
      boolean withBooleanDefaultValues) throws IOException {
    // This fragment doesn't have any variable
  }

  @Override
  public CompositeAdapter<Fragment1> adapter() {
    return new ObjectCompositeAdapter<Fragment1>(Fragment1Impl_ResponseAdapter.Fragment1.INSTANCE, false);
  }

  @Override
  public CompiledField rootField() {
    return new CompiledField.Builder(
      "data",
      ANode.type
    )
    .selections(fragment1Selections.__root)
    .build();
  }
}
