//
// AUTO-GENERATED FILE. DO NOT MODIFY.
//
// This class was automatically generated by Apollo GraphQL version '$VERSION'.
//
package com.example.nested_named_fragments;

import com.apollographql.apollo3.api.CompiledField;
import com.apollographql.apollo3.api.CompositeAdapter;
import com.apollographql.apollo3.api.CustomScalarAdapters;
import com.apollographql.apollo3.api.ObjectCompositeAdapter;
import com.apollographql.apollo3.api.Query;
import com.apollographql.apollo3.api.json.JsonWriter;
import com.example.nested_named_fragments.adapter.AllStarships_ResponseAdapter;
import com.example.nested_named_fragments.fragment.StarshipFragment;
import com.example.nested_named_fragments.selections.AllStarshipsSelections;
import com.example.nested_named_fragments.type.Root;
import java.io.IOException;
import java.lang.Override;
import java.lang.String;
import java.util.List;

public class AllStarships implements Query<AllStarships.Data> {
  public static final String OPERATION_ID = "a76ec26a83546f1113b4f2d763d67118a12a70958ef57d44d3f33dedaf90ff72";

  /**
   * The minimized GraphQL document being sent to the server to save a few bytes.
   * The un-minimized version is:
   *
   * query AllStarships {
   *   allStarships(first: 7) {
   *     edges {
   *       node {
   *         __typename
   *         ...starshipFragment
   *       }
   *     }
   *   }
   * }
   *
   * fragment planetFragment on Planet {
   *   name
   * }
   *
   * fragment pilotFragment on Person {
   *   name
   *   homeworld {
   *     __typename
   *     ...planetFragment
   *   }
   * }
   *
   * fragment starshipFragment on Starship {
   *   id
   *   name
   *   pilotConnection {
   *     edges {
   *       node {
   *         __typename
   *         ...pilotFragment
   *       }
   *     }
   *   }
   * }
   */
  public static final String OPERATION_DOCUMENT = "query AllStarships { allStarships(first: 7) { edges { node { __typename ...starshipFragment } } } }  fragment planetFragment on Planet { name }  fragment pilotFragment on Person { name homeworld { __typename ...planetFragment } }  fragment starshipFragment on Starship { id name pilotConnection { edges { node { __typename ...pilotFragment } } } }";

  public static final String OPERATION_NAME = "AllStarships";

  public AllStarships() {

  }

  public static Builder builder() {
    return new Builder();
  }

  @Override
  public String id() {
    return OPERATION_ID;
  }

  @Override
  public String document() {
    return OPERATION_DOCUMENT;
  }

  @Override
  public String name() {
    return OPERATION_NAME;
  }

  @Override
  public void serializeVariables(JsonWriter writer, CustomScalarAdapters customScalarAdapters,
      boolean withBooleanDefaultValues) throws IOException {
    // This operation doesn't have any variable
  }

  @Override
  public CompositeAdapter<Data> adapter() {
    return new ObjectCompositeAdapter<Data>(AllStarships_ResponseAdapter.Data.INSTANCE, false);
  }

  @Override
  public CompiledField rootField() {
    return new CompiledField.Builder(
      "data",
      Root.type
    )
    .selections(AllStarshipsSelections.__root)
    .build();
  }

  public static final class Builder {
    Builder() {
    }

    public AllStarships build() {
      return new AllStarships();
    }
  }

  public static class Data implements Query.Data {
    public AllStarships1 allStarships;

    public Data(AllStarships1 allStarships) {
      this.allStarships = allStarships;
    }
  }

  public static class AllStarships1 {
    /**
     * A list of edges.
     */
    public List<Edge> edges;

    public AllStarships1(List<Edge> edges) {
      this.edges = edges;
    }
  }

  public static class Edge {
    /**
     * The item at the end of the edge
     */
    public Node node;

    public Edge(Node node) {
      this.node = node;
    }
  }

  public static class Node {
    public String __typename;

    /**
     * Synthetic field for 'starshipFragment'
     */
    public StarshipFragment starshipFragment;

    public Node(String __typename, StarshipFragment starshipFragment) {
      this.__typename = __typename;
      this.starshipFragment = starshipFragment;
    }
  }
}
