//
// AUTO-GENERATED FILE. DO NOT MODIFY.
//
// This class was automatically generated by Apollo GraphQL version '$VERSION'.
//
package com.example.named_fragment_delegate.fragment;

import com.apollographql.apollo3.api.Fragment;
import java.lang.String;
import java.util.List;

public class DroidDetails implements Fragment.Data {
  /**
   * What others call this droid
   */
  public String name;

  /**
   * This droid's primary function
   */
  public String primaryFunction;

  /**
   * This droid's friends, or an empty list if they have none
   */
  public List<Friend> friends;

  public DroidDetails(String name, String primaryFunction, List<Friend> friends) {
    this.name = name;
    this.primaryFunction = primaryFunction;
    this.friends = friends;
  }

  public static class Friend {
    /**
     * The name of the character
     */
    public String name;

    public Friend(String name) {
      this.name = name;
    }
  }
}
