//
// AUTO-GENERATED FILE. DO NOT MODIFY.
//
// This class was automatically generated by Apollo GraphQL version '$VERSION'.
//
package com.example.nested_named_fragments.fragment;

import com.apollographql.apollo3.api.Fragment;
import java.lang.String;

public class PlanetFragment implements Fragment.Data {
  /**
   * The name of this planet.
   */
  public String name;

  public PlanetFragment(String name) {
    this.name = name;
  }
}
