//
// AUTO-GENERATED FILE. DO NOT MODIFY.
//
// This class was automatically generated by Apollo GraphQL version '$VERSION'.
//
package com.example.nested_named_fragments.fragment;

import com.apollographql.apollo3.api.Fragment;
import java.lang.String;
import java.util.List;

public class StarshipFragment implements Fragment.Data {
  /**
   * The ID of an object
   */
  public String id;

  /**
   * The name of this starship. The common name, such as "Death Star".
   */
  public String name;

  public PilotConnection pilotConnection;

  public StarshipFragment(String id, String name, PilotConnection pilotConnection) {
    this.id = id;
    this.name = name;
    this.pilotConnection = pilotConnection;
  }

  public static class PilotConnection {
    /**
     * A list of edges.
     */
    public List<Edge> edges;

    public PilotConnection(List<Edge> edges) {
      this.edges = edges;
    }
  }

  public static class Edge {
    /**
     * The item at the end of the edge
     */
    public Node node;

    public Edge(Node node) {
      this.node = node;
    }
  }

  public static class Node {
    public String __typename;

    /**
     * Synthetic field for 'pilotFragment'
     */
    public PilotFragment pilotFragment;

    public Node(String __typename, PilotFragment pilotFragment) {
      this.__typename = __typename;
      this.pilotFragment = pilotFragment;
    }
  }
}
