//
// AUTO-GENERATED FILE. DO NOT MODIFY.
//
// This class was automatically generated by Apollo GraphQL version '$VERSION'.
//
package com.example.union_fragment;

import com.apollographql.apollo3.api.CompiledField;
import com.apollographql.apollo3.api.CompositeAdapter;
import com.apollographql.apollo3.api.CustomScalarAdapters;
import com.apollographql.apollo3.api.ObjectCompositeAdapter;
import com.apollographql.apollo3.api.Query;
import com.apollographql.apollo3.api.json.JsonWriter;
import com.example.union_fragment.adapter.TestQuery_ResponseAdapter;
import com.example.union_fragment.fragment.Starship;
import com.example.union_fragment.selections.TestQuerySelections;
import java.io.IOException;
import java.lang.Override;
import java.lang.String;
import java.util.List;

public class TestQuery implements Query<TestQuery.Data> {
  public static final String OPERATION_ID = "6b4ab40afa26bf3c0c7d80ce98ca5288378f0323da59c6643d893efa510a6fec";

  /**
   * The minimized GraphQL document being sent to the server to save a few bytes.
   * The un-minimized version is:
   *
   * query TestQuery {
   *   search(text: "test") {
   *     __typename
   *     ... on Starship {
   *       id
   *     }
   *     ...Starship
   *   }
   * }
   *
   * fragment Starship on Starship {
   *   name
   * }
   */
  public static final String OPERATION_DOCUMENT = "query TestQuery { search(text: \"test\") { __typename ... on Starship { id } ...Starship } }  fragment Starship on Starship { name }";

  public static final String OPERATION_NAME = "TestQuery";

  public TestQuery() {

  }

  public static Builder builder() {
    return new Builder();
  }

  @Override
  public String id() {
    return OPERATION_ID;
  }

  @Override
  public String document() {
    return OPERATION_DOCUMENT;
  }

  @Override
  public String name() {
    return OPERATION_NAME;
  }

  @Override
  public void serializeVariables(JsonWriter writer, CustomScalarAdapters customScalarAdapters,
      boolean withBooleanDefaultValues) throws IOException {
    // This operation doesn't have any variable
  }

  @Override
  public CompositeAdapter<Data> adapter() {
    return new ObjectCompositeAdapter<Data>(TestQuery_ResponseAdapter.Data.INSTANCE, false);
  }

  @Override
  public CompiledField rootField() {
    return new CompiledField.Builder(
      "data",
      com.example.union_fragment.type.Query.type
    )
    .selections(TestQuerySelections.__root)
    .build();
  }

  public static final class Builder {
    Builder() {
    }

    public TestQuery build() {
      return new TestQuery();
    }
  }

  public static class Data implements Query.Data {
    public List<Search> search;

    public Data(List<Search> search) {
      this.search = search;
    }
  }

  public static class Search {
    public String __typename;

    /**
     * Synthetic field for inline fragment on Starship
     */
    public OnStarship onStarship;

    /**
     * Synthetic field for 'Starship'
     */
    public Starship starship;

    public Search(String __typename, OnStarship onStarship, Starship starship) {
      this.__typename = __typename;
      this.onStarship = onStarship;
      this.starship = starship;
    }
  }

  public static class OnStarship {
    /**
     * The ID of the starship
     */
    public String id;

    public OnStarship(String id) {
      this.id = id;
    }
  }
}
