//
// AUTO-GENERATED FILE. DO NOT MODIFY.
//
// This class was automatically generated by Apollo GraphQL version '$VERSION'.
//
package com.example.named_fragment_without_implementation;

import com.apollographql.apollo3.api.CompiledField;
import com.apollographql.apollo3.api.CompositeAdapter;
import com.apollographql.apollo3.api.CustomScalarAdapters;
import com.apollographql.apollo3.api.ObjectCompositeAdapter;
import com.apollographql.apollo3.api.Query;
import com.apollographql.apollo3.api.json.JsonWriter;
import com.example.named_fragment_without_implementation.adapter.TestQuery_ResponseAdapter;
import com.example.named_fragment_without_implementation.fragment.DroidDetails;
import com.example.named_fragment_without_implementation.fragment.HumanDetails;
import com.example.named_fragment_without_implementation.selections.TestQuerySelections;
import java.io.IOException;
import java.lang.Override;
import java.lang.String;

public class TestQuery implements Query<TestQuery.Data> {
  public static final String OPERATION_ID = "bd506c9c818f2163b34753c735df7794c16d135e4a8e6d24e2930e63eacf01df";

  /**
   * The minimized GraphQL document being sent to the server to save a few bytes.
   * The un-minimized version is:
   *
   * query TestQuery {
   *   hero {
   *     __typename
   *     name
   *     ...HumanDetails
   *     ...DroidDetails
   *   }
   * }
   *
   * fragment HumanDetails on Human {
   *   height
   * }
   *
   * fragment DroidDetails on Droid {
   *   primaryFunction
   * }
   */
  public static final String OPERATION_DOCUMENT = "query TestQuery { hero { __typename name ...HumanDetails ...DroidDetails } }  fragment HumanDetails on Human { height }  fragment DroidDetails on Droid { primaryFunction }";

  public static final String OPERATION_NAME = "TestQuery";

  public TestQuery() {

  }

  public static Builder builder() {
    return new Builder();
  }

  @Override
  public String id() {
    return OPERATION_ID;
  }

  @Override
  public String document() {
    return OPERATION_DOCUMENT;
  }

  @Override
  public String name() {
    return OPERATION_NAME;
  }

  @Override
  public void serializeVariables(JsonWriter writer, CustomScalarAdapters customScalarAdapters,
      boolean withBooleanDefaultValues) throws IOException {
    // This operation doesn't have any variable
  }

  @Override
  public CompositeAdapter<Data> adapter() {
    return new ObjectCompositeAdapter<Data>(TestQuery_ResponseAdapter.Data.INSTANCE, false);
  }

  @Override
  public CompiledField rootField() {
    return new CompiledField.Builder(
      "data",
      com.example.named_fragment_without_implementation.type.Query.type
    )
    .selections(TestQuerySelections.__root)
    .build();
  }

  public static final class Builder {
    Builder() {
    }

    public TestQuery build() {
      return new TestQuery();
    }
  }

  public static class Data implements Query.Data {
    public Hero hero;

    public Data(Hero hero) {
      this.hero = hero;
    }
  }

  public static class Hero {
    public String __typename;

    /**
     * The name of the character
     */
    public String name;

    /**
     * Synthetic field for 'HumanDetails'
     */
    public HumanDetails humanDetails;

    /**
     * Synthetic field for 'DroidDetails'
     */
    public DroidDetails droidDetails;

    public Hero(String __typename, String name, HumanDetails humanDetails,
        DroidDetails droidDetails) {
      this.__typename = __typename;
      this.name = name;
      this.humanDetails = humanDetails;
      this.droidDetails = droidDetails;
    }
  }
}
