//
// AUTO-GENERATED FILE. DO NOT MODIFY.
//
// This class was automatically generated by Apollo GraphQL version '$VERSION'.
//
package com.example.hero_details.type;

import com.apollographql.apollo3.api.EnumType;
import java.lang.String;
import java.util.Arrays;

/**
 * Lower case enum type name
 */
public class Hero_type {
  public static EnumType type = new EnumType("hero_type", Arrays.asList("human", "droid"));

  public static Hero_type human = new Hero_type("human");

  public static Hero_type droid = new Hero_type("droid");

  public String rawValue;

  public Hero_type(String rawValue) {
    this.rawValue = rawValue;
  }

  public static Hero_type safeValueOf(String rawValue) {
    switch(rawValue) {
      case "human": return Hero_type.human;
      case "droid": return Hero_type.droid;
      default: return new Hero_type.UNKNOWN__(rawValue);
    }
  }

  /**
   * An enum value that wasn't known at compile time.
   */
  public static class UNKNOWN__ extends Hero_type {
    public UNKNOWN__(String rawValue) {
      super(rawValue);
    }
  }
}
