//
// AUTO-GENERATED FILE. DO NOT MODIFY.
//
// This class was automatically generated by Apollo GraphQL version '$VERSION'.
//
package com.example.fragment_with_multiple_fieldsets.fragment;

import com.apollographql.apollo3.api.CompiledField;
import com.apollographql.apollo3.api.CompositeAdapter;
import com.apollographql.apollo3.api.CustomScalarAdapters;
import com.apollographql.apollo3.api.Fragment;
import com.apollographql.apollo3.api.ObjectCompositeAdapter;
import com.apollographql.apollo3.api.json.JsonWriter;
import com.example.fragment_with_multiple_fieldsets.fragment.selections.iFragmentSelections;
import com.example.fragment_with_multiple_fieldsets.type.I;
import java.io.IOException;
import java.lang.Override;

public class IFragmentImpl implements Fragment<IFragment> {
  public IFragmentImpl() {

  }

  @Override
  public void serializeVariables(JsonWriter writer, CustomScalarAdapters customScalarAdapters,
      boolean withBooleanDefaultValues) throws IOException {
    // This fragment doesn't have any variable
  }

  @Override
  public CompositeAdapter<IFragment> adapter() {
    return new ObjectCompositeAdapter<IFragment>(IFragmentImpl_ResponseAdapter.IFragment.INSTANCE, true);
  }

  @Override
  public CompiledField rootField() {
    return new CompiledField.Builder(
      "data",
      I.type
    )
    .selections(iFragmentSelections.__root)
    .build();
  }
}
