//
// AUTO-GENERATED FILE. DO NOT MODIFY.
//
// This class was automatically generated by Apollo GraphQL version '$VERSION'.
//
package com.example.hero_name;

import com.apollographql.apollo3.api.CompiledField;
import com.apollographql.apollo3.api.CompositeAdapter;
import com.apollographql.apollo3.api.CustomScalarAdapters;
import com.apollographql.apollo3.api.ObjectCompositeAdapter;
import com.apollographql.apollo3.api.Query;
import com.apollographql.apollo3.api.json.JsonWriter;
import com.example.hero_name.adapter.TestQuery_ResponseAdapter;
import com.example.hero_name.selections.TestQuerySelections;
import java.io.IOException;
import java.lang.Object;
import java.lang.Override;
import java.lang.String;

public class TestQuery implements Query<TestQuery.Data> {
  public static final String OPERATION_ID = "17e30561f6043a4c67f3de02bc6c76798edb2d584095975a2f75862222ef4912";

  /**
   * The minimized GraphQL document being sent to the server to save a few bytes.
   * The un-minimized version is:
   *
   * query TestQuery {
   *   hero {
   *     __typename
   *     name
   *     birthDate
   *     ... on Droid {
   *       primaryFunction
   *     }
   *   }
   * }
   */
  public static final String OPERATION_DOCUMENT = "query TestQuery { hero { __typename name birthDate ... on Droid { primaryFunction } } }";

  public static final String OPERATION_NAME = "TestQuery";

  public TestQuery() {

  }

  public static Builder builder() {
    return new Builder();
  }

  @Override
  public String id() {
    return OPERATION_ID;
  }

  @Override
  public String document() {
    return OPERATION_DOCUMENT;
  }

  @Override
  public String name() {
    return OPERATION_NAME;
  }

  @Override
  public void serializeVariables(JsonWriter writer, CustomScalarAdapters customScalarAdapters,
      boolean withBooleanDefaultValues) throws IOException {
    // This operation doesn't have any variable
  }

  @Override
  public CompositeAdapter<Data> adapter() {
    return new ObjectCompositeAdapter<Data>(TestQuery_ResponseAdapter.Data.INSTANCE, false);
  }

  @Override
  public CompiledField rootField() {
    return new CompiledField.Builder(
      "data",
      com.example.hero_name.type.Query.type
    )
    .selections(TestQuerySelections.__root)
    .build();
  }

  public static final class Builder {
    Builder() {
    }

    public TestQuery build() {
      return new TestQuery();
    }
  }

  public static class Data implements Query.Data {
    public Hero hero;

    public Data(Hero hero) {
      this.hero = hero;
    }
  }

  public static class Hero {
    public String __typename;

    /**
     * The name of the character
     */
    public String name;

    /**
     * The date character was born.
     */
    public Object birthDate;

    /**
     * Synthetic field for inline fragment on Droid
     */
    public OnDroid onDroid;

    public Hero(String __typename, String name, Object birthDate, OnDroid onDroid) {
      this.__typename = __typename;
      this.name = name;
      this.birthDate = birthDate;
      this.onDroid = onDroid;
    }
  }

  public static class OnDroid {
    /**
     * This droid's primary function
     */
    public String primaryFunction;

    public OnDroid(String primaryFunction) {
      this.primaryFunction = primaryFunction;
    }
  }
}
