//
// AUTO-GENERATED FILE. DO NOT MODIFY.
//
// This class was automatically generated by Apollo GraphQL version '$VERSION'.
//
package com.example.fragments_same_type_condition.fragment;

import com.apollographql.apollo3.api.Fragment;
import java.lang.String;

public class DroidDetails1 implements Fragment.Data {
  /**
   * What others call this droid
   */
  public String name;

  public DroidDetails1(String name) {
    this.name = name;
  }
}
