//
// AUTO-GENERATED FILE. DO NOT MODIFY.
//
// This class was automatically generated by Apollo GraphQL version '$VERSION'.
//
package com.example.inline_fragment_inside_inline_fragment;

import com.apollographql.apollo3.api.CompiledField;
import com.apollographql.apollo3.api.CompositeAdapter;
import com.apollographql.apollo3.api.CustomScalarAdapters;
import com.apollographql.apollo3.api.ObjectCompositeAdapter;
import com.apollographql.apollo3.api.Query;
import com.apollographql.apollo3.api.json.JsonWriter;
import com.example.inline_fragment_inside_inline_fragment.adapter.TestQuery_ResponseAdapter;
import com.example.inline_fragment_inside_inline_fragment.selections.TestQuerySelections;
import java.io.IOException;
import java.lang.Override;
import java.lang.String;
import java.util.List;

public class TestQuery implements Query<TestQuery.Data> {
  public static final String OPERATION_ID = "4f32ea4bdd2a95a29bde61273602c22c698cd333f1701001d1a339fb276c6438";

  /**
   * The minimized GraphQL document being sent to the server to save a few bytes.
   * The un-minimized version is:
   *
   * query TestQuery {
   *   search(text: "bla-bla") {
   *     __typename
   *     ... on Character {
   *       __typename
   *       name
   *       ... on Human {
   *         homePlanet
   *       }
   *       ... on Droid {
   *         primaryFunction
   *       }
   *     }
   *   }
   * }
   */
  public static final String OPERATION_DOCUMENT = "query TestQuery { search(text: \"bla-bla\") { __typename ... on Character { __typename name ... on Human { homePlanet } ... on Droid { primaryFunction } } } }";

  public static final String OPERATION_NAME = "TestQuery";

  public TestQuery() {

  }

  public static Builder builder() {
    return new Builder();
  }

  @Override
  public String id() {
    return OPERATION_ID;
  }

  @Override
  public String document() {
    return OPERATION_DOCUMENT;
  }

  @Override
  public String name() {
    return OPERATION_NAME;
  }

  @Override
  public void serializeVariables(JsonWriter writer, CustomScalarAdapters customScalarAdapters,
      boolean withBooleanDefaultValues) throws IOException {
    // This operation doesn't have any variable
  }

  @Override
  public CompositeAdapter<Data> adapter() {
    return new ObjectCompositeAdapter<Data>(TestQuery_ResponseAdapter.Data.INSTANCE, false);
  }

  @Override
  public CompiledField rootField() {
    return new CompiledField.Builder(
      "data",
      com.example.inline_fragment_inside_inline_fragment.type.Query.type
    )
    .selections(TestQuerySelections.__root)
    .build();
  }

  public static final class Builder {
    Builder() {
    }

    public TestQuery build() {
      return new TestQuery();
    }
  }

  public static class Data implements Query.Data {
    public List<Search> search;

    public Data(List<Search> search) {
      this.search = search;
    }
  }

  public static class Search {
    public String __typename;

    /**
     * Synthetic field for inline fragment on Character
     */
    public OnCharacter onCharacter;

    public Search(String __typename, OnCharacter onCharacter) {
      this.__typename = __typename;
      this.onCharacter = onCharacter;
    }
  }

  public static class OnCharacter {
    public String __typename;

    /**
     * The name of the character
     */
    public String name;

    /**
     * Synthetic field for inline fragment on Human
     */
    public OnHuman onHuman;

    /**
     * Synthetic field for inline fragment on Droid
     */
    public OnDroid onDroid;

    public OnCharacter(String __typename, String name, OnHuman onHuman, OnDroid onDroid) {
      this.__typename = __typename;
      this.name = name;
      this.onHuman = onHuman;
      this.onDroid = onDroid;
    }
  }

  public static class OnHuman {
    /**
     * The home planet of the human, or null if unknown
     */
    public String homePlanet;

    public OnHuman(String homePlanet) {
      this.homePlanet = homePlanet;
    }
  }

  public static class OnDroid {
    /**
     * This droid's primary function
     */
    public String primaryFunction;

    public OnDroid(String primaryFunction) {
      this.primaryFunction = primaryFunction;
    }
  }
}
