//
// AUTO-GENERATED FILE. DO NOT MODIFY.
//
// This class was automatically generated by Apollo GraphQL version '$VERSION'.
//
package com.example.input_object_type;

import com.apollographql.apollo3.api.CompiledField;
import com.apollographql.apollo3.api.CompositeAdapter;
import com.apollographql.apollo3.api.CustomScalarAdapters;
import com.apollographql.apollo3.api.Mutation;
import com.apollographql.apollo3.api.ObjectCompositeAdapter;
import com.apollographql.apollo3.api.json.JsonWriter;
import com.example.input_object_type.adapter.TestQuery_ResponseAdapter;
import com.example.input_object_type.adapter.TestQuery_VariablesAdapter;
import com.example.input_object_type.selections.TestQuerySelections;
import com.example.input_object_type.type.Episode;
import com.example.input_object_type.type.ReviewInput;
import java.io.IOException;
import java.lang.Integer;
import java.lang.Override;
import java.lang.String;

public class TestQuery implements Mutation<TestQuery.Data> {
  public static final String OPERATION_ID = "2a1de6af8435bb9169562d78714566aaf26a9741ef16b72f49955dc615237b09";

  /**
   * The minimized GraphQL document being sent to the server to save a few bytes.
   * The un-minimized version is:
   *
   * mutation TestQuery($ep: Episode!, $review: ReviewInput!) {
   *   createReview(episode: $ep, review: $review) {
   *     stars
   *     commentary
   *   }
   * }
   */
  public static final String OPERATION_DOCUMENT = "mutation TestQuery($ep: Episode!, $review: ReviewInput!) { createReview(episode: $ep, review: $review) { stars commentary } }";

  public static final String OPERATION_NAME = "TestQuery";

  public final Episode ep;

  public final ReviewInput review;

  public TestQuery(Episode ep, ReviewInput review) {
    this.ep = ep;
    this.review = review;
  }

  public static Builder builder() {
    return new Builder();
  }

  @Override
  public String id() {
    return OPERATION_ID;
  }

  @Override
  public String document() {
    return OPERATION_DOCUMENT;
  }

  @Override
  public String name() {
    return OPERATION_NAME;
  }

  @Override
  public void serializeVariables(JsonWriter writer, CustomScalarAdapters customScalarAdapters,
      boolean withBooleanDefaultValues) throws IOException {
    TestQuery_VariablesAdapter.INSTANCE.serializeVariables(writer, this, customScalarAdapters, withBooleanDefaultValues);
  }

  @Override
  public CompositeAdapter<Data> adapter() {
    return new ObjectCompositeAdapter<Data>(TestQuery_ResponseAdapter.Data.INSTANCE, false);
  }

  @Override
  public CompiledField rootField() {
    return new CompiledField.Builder(
      "data",
      com.example.input_object_type.type.Mutation.type
    )
    .selections(TestQuerySelections.__root)
    .build();
  }

  public static final class Builder {
    private Episode ep;

    private ReviewInput review;

    Builder() {
    }

    public Builder ep(Episode ep) {
      this.ep = ep;
      return this;
    }

    public Builder review(ReviewInput review) {
      this.review = review;
      return this;
    }

    public TestQuery build() {
      return new TestQuery(ep, review);
    }
  }

  public static class Data implements Mutation.Data {
    public CreateReview createReview;

    public Data(CreateReview createReview) {
      this.createReview = createReview;
    }
  }

  public static class CreateReview {
    /**
     * The number of stars this review gave, 1-5
     */
    public Integer stars;

    /**
     * Comment about the movie
     */
    public String commentary;

    public CreateReview(Integer stars, String commentary) {
      this.stars = stars;
      this.commentary = commentary;
    }
  }
}
