//
// AUTO-GENERATED FILE. DO NOT MODIFY.
//
// This class was automatically generated by Apollo GraphQL version '$VERSION'.
//
package com.example.fragments_with_defer_and_include_directives;

import com.apollographql.apollo3.api.CompiledField;
import com.apollographql.apollo3.api.CompositeAdapter;
import com.apollographql.apollo3.api.CustomScalarAdapters;
import com.apollographql.apollo3.api.ObjectCompositeAdapter;
import com.apollographql.apollo3.api.Query;
import com.apollographql.apollo3.api.json.JsonWriter;
import com.example.fragments_with_defer_and_include_directives.adapter.InlineMultipleWithDefer_ResponseAdapter;
import com.example.fragments_with_defer_and_include_directives.selections.InlineMultipleWithDeferSelections;
import java.io.IOException;
import java.lang.Override;
import java.lang.String;

public class InlineMultipleWithDefer implements Query<InlineMultipleWithDefer.Data> {
  public static final String OPERATION_ID = "9331f0c719bafb010d29f76c720d4488f45c5196bf3fb8908b2be30bc546e355";

  /**
   * The minimized GraphQL document being sent to the server to save a few bytes.
   * The un-minimized version is:
   *
   * query InlineMultipleWithDefer {
   *   hero {
   *     __typename
   *     ... on Droid @defer(label: "d_first") {
   *       name
   *     }
   *     ... on Droid @defer(label: "d_second") {
   *       id
   *     }
   *   }
   * }
   */
  public static final String OPERATION_DOCUMENT = "query InlineMultipleWithDefer { hero { __typename ... on Droid @defer(label: \"d_first\") { name } ... on Droid @defer(label: \"d_second\") { id } } }";

  public static final String OPERATION_NAME = "InlineMultipleWithDefer";

  public InlineMultipleWithDefer() {

  }

  public static Builder builder() {
    return new Builder();
  }

  @Override
  public String id() {
    return OPERATION_ID;
  }

  @Override
  public String document() {
    return OPERATION_DOCUMENT;
  }

  @Override
  public String name() {
    return OPERATION_NAME;
  }

  @Override
  public void serializeVariables(JsonWriter writer, CustomScalarAdapters customScalarAdapters,
      boolean withBooleanDefaultValues) throws IOException {
    // This operation doesn't have any variable
  }

  @Override
  public CompositeAdapter<Data> adapter() {
    return new ObjectCompositeAdapter<Data>(InlineMultipleWithDefer_ResponseAdapter.Data.INSTANCE, false);
  }

  @Override
  public CompiledField rootField() {
    return new CompiledField.Builder(
      "data",
      com.example.fragments_with_defer_and_include_directives.type.Query.type
    )
    .selections(InlineMultipleWithDeferSelections.__root)
    .build();
  }

  public static final class Builder {
    Builder() {
    }

    public InlineMultipleWithDefer build() {
      return new InlineMultipleWithDefer();
    }
  }

  public static class Data implements Query.Data {
    public Hero hero;

    public Data(Hero hero) {
      this.hero = hero;
    }
  }

  public static class Hero {
    public String __typename;

    /**
     * Synthetic field for inline fragment on Droid
     */
    public OnDroidDeferD_first onDroidDeferD_first;

    /**
     * Synthetic field for inline fragment on Droid
     */
    public OnDroidDeferD_second onDroidDeferD_second;

    public Hero(String __typename, OnDroidDeferD_first onDroidDeferD_first,
        OnDroidDeferD_second onDroidDeferD_second) {
      this.__typename = __typename;
      this.onDroidDeferD_first = onDroidDeferD_first;
      this.onDroidDeferD_second = onDroidDeferD_second;
    }
  }

  public static class OnDroidDeferD_first {
    /**
     * What others call this droid
     */
    public String name;

    public OnDroidDeferD_first(String name) {
      this.name = name;
    }
  }

  public static class OnDroidDeferD_second {
    /**
     * The ID of the droid
     */
    public String id;

    public OnDroidDeferD_second(String id) {
      this.id = id;
    }
  }
}
