//
// AUTO-GENERATED FILE. DO NOT MODIFY.
//
// This class was automatically generated by Apollo GraphQL version '$VERSION'.
//
package com.example.fragments_with_defer_and_include_directives;

import com.apollographql.apollo3.api.CompiledField;
import com.apollographql.apollo3.api.CompositeAdapter;
import com.apollographql.apollo3.api.CustomScalarAdapters;
import com.apollographql.apollo3.api.ObjectCompositeAdapter;
import com.apollographql.apollo3.api.Query;
import com.apollographql.apollo3.api.json.JsonWriter;
import com.example.fragments_with_defer_and_include_directives.adapter.SpreadMultipleWithDefer_ResponseAdapter;
import com.example.fragments_with_defer_and_include_directives.fragment.DroidDetails;
import com.example.fragments_with_defer_and_include_directives.selections.SpreadMultipleWithDeferSelections;
import java.io.IOException;
import java.lang.Override;
import java.lang.String;

public class SpreadMultipleWithDefer implements Query<SpreadMultipleWithDefer.Data> {
  public static final String OPERATION_ID = "7cd4d1b6a14f96cff4bbbdbd3b3ab1aa365ffc65e1515ff6e22935010543ad71";

  /**
   * The minimized GraphQL document being sent to the server to save a few bytes.
   * The un-minimized version is:
   *
   * query SpreadMultipleWithDefer {
   *   hero {
   *     __typename
   *     ...DroidDetails @defer(label: "a_first")
   *     ...DroidDetails @defer(label: "a_second")
   *   }
   * }
   *
   * fragment DroidDetails on Droid {
   *   name
   * }
   */
  public static final String OPERATION_DOCUMENT = "query SpreadMultipleWithDefer { hero { __typename ...DroidDetails @defer(label: \"a_first\") ...DroidDetails @defer(label: \"a_second\") } }  fragment DroidDetails on Droid { name }";

  public static final String OPERATION_NAME = "SpreadMultipleWithDefer";

  public SpreadMultipleWithDefer() {

  }

  public static Builder builder() {
    return new Builder();
  }

  @Override
  public String id() {
    return OPERATION_ID;
  }

  @Override
  public String document() {
    return OPERATION_DOCUMENT;
  }

  @Override
  public String name() {
    return OPERATION_NAME;
  }

  @Override
  public void serializeVariables(JsonWriter writer, CustomScalarAdapters customScalarAdapters,
      boolean withBooleanDefaultValues) throws IOException {
    // This operation doesn't have any variable
  }

  @Override
  public CompositeAdapter<Data> adapter() {
    return new ObjectCompositeAdapter<Data>(SpreadMultipleWithDefer_ResponseAdapter.Data.INSTANCE, false);
  }

  @Override
  public CompiledField rootField() {
    return new CompiledField.Builder(
      "data",
      com.example.fragments_with_defer_and_include_directives.type.Query.type
    )
    .selections(SpreadMultipleWithDeferSelections.__root)
    .build();
  }

  public static final class Builder {
    Builder() {
    }

    public SpreadMultipleWithDefer build() {
      return new SpreadMultipleWithDefer();
    }
  }

  public static class Data implements Query.Data {
    public Hero hero;

    public Data(Hero hero) {
      this.hero = hero;
    }
  }

  public static class Hero {
    public String __typename;

    /**
     * Synthetic field for 'DroidDetails'
     */
    public DroidDetails droidDetails;

    public Hero(String __typename, DroidDetails droidDetails) {
      this.__typename = __typename;
      this.droidDetails = droidDetails;
    }
  }
}
