//
// AUTO-GENERATED FILE. DO NOT MODIFY.
//
// This class was automatically generated by Apollo GraphQL version '$VERSION'.
//
package com.example.fragments_with_defer_and_include_directives;

import com.apollographql.apollo3.api.CompiledField;
import com.apollographql.apollo3.api.CompositeAdapter;
import com.apollographql.apollo3.api.CustomScalarAdapters;
import com.apollographql.apollo3.api.ObjectCompositeAdapter;
import com.apollographql.apollo3.api.Query;
import com.apollographql.apollo3.api.json.JsonWriter;
import com.example.fragments_with_defer_and_include_directives.adapter.SpreadMultipleWithDeferWithIf_ResponseAdapter;
import com.example.fragments_with_defer_and_include_directives.adapter.SpreadMultipleWithDeferWithIf_VariablesAdapter;
import com.example.fragments_with_defer_and_include_directives.fragment.CharacterDetails;
import com.example.fragments_with_defer_and_include_directives.fragment.CharacterDetails2;
import com.example.fragments_with_defer_and_include_directives.fragment.CharacterDetails3;
import com.example.fragments_with_defer_and_include_directives.selections.SpreadMultipleWithDeferWithIfSelections;
import java.io.IOException;
import java.lang.Boolean;
import java.lang.Override;
import java.lang.String;

public class SpreadMultipleWithDeferWithIf implements Query<SpreadMultipleWithDeferWithIf.Data> {
  public static final String OPERATION_ID = "ecdac17ca37d6cbf3a6e5059904fabfd96193cbe0720eb27880026b518feec9f";

  /**
   * The minimized GraphQL document being sent to the server to save a few bytes.
   * The un-minimized version is:
   *
   * query SpreadMultipleWithDeferWithIf($cond: Boolean!) {
   *   hero {
   *     __typename
   *     ...CharacterDetails @defer(label: "c_first", if: false)
   *     ...CharacterDetails2 @defer(label: "c_second", if: true)
   *     ...CharacterDetails3 @defer(label: "c_third", if: $cond)
   *   }
   * }
   *
   * fragment CharacterDetails on Droid {
   *   name
   * }
   *
   * fragment CharacterDetails2 on Droid {
   *   id
   * }
   *
   * fragment CharacterDetails3 on Droid {
   *   birthDate
   * }
   */
  public static final String OPERATION_DOCUMENT = "query SpreadMultipleWithDeferWithIf($cond: Boolean!) { hero { __typename ...CharacterDetails @defer(label: \"c_first\", if: false) ...CharacterDetails2 @defer(label: \"c_second\", if: true) ...CharacterDetails3 @defer(label: \"c_third\", if: $cond) } }  fragment CharacterDetails on Droid { name }  fragment CharacterDetails2 on Droid { id }  fragment CharacterDetails3 on Droid { birthDate }";

  public static final String OPERATION_NAME = "SpreadMultipleWithDeferWithIf";

  public final Boolean cond;

  public SpreadMultipleWithDeferWithIf(Boolean cond) {
    this.cond = cond;
  }

  public static Builder builder() {
    return new Builder();
  }

  @Override
  public String id() {
    return OPERATION_ID;
  }

  @Override
  public String document() {
    return OPERATION_DOCUMENT;
  }

  @Override
  public String name() {
    return OPERATION_NAME;
  }

  @Override
  public void serializeVariables(JsonWriter writer, CustomScalarAdapters customScalarAdapters,
      boolean withBooleanDefaultValues) throws IOException {
    SpreadMultipleWithDeferWithIf_VariablesAdapter.INSTANCE.serializeVariables(writer, this, customScalarAdapters, withBooleanDefaultValues);
  }

  @Override
  public CompositeAdapter<Data> adapter() {
    return new ObjectCompositeAdapter<Data>(SpreadMultipleWithDeferWithIf_ResponseAdapter.Data.INSTANCE, false);
  }

  @Override
  public CompiledField rootField() {
    return new CompiledField.Builder(
      "data",
      com.example.fragments_with_defer_and_include_directives.type.Query.type
    )
    .selections(SpreadMultipleWithDeferWithIfSelections.__root)
    .build();
  }

  public static final class Builder {
    private Boolean cond;

    Builder() {
    }

    public Builder cond(Boolean cond) {
      this.cond = cond;
      return this;
    }

    public SpreadMultipleWithDeferWithIf build() {
      return new SpreadMultipleWithDeferWithIf(cond);
    }
  }

  public static class Data implements Query.Data {
    public Hero hero;

    public Data(Hero hero) {
      this.hero = hero;
    }
  }

  public static class Hero {
    public String __typename;

    /**
     * Synthetic field for 'CharacterDetails'
     */
    public CharacterDetails characterDetails;

    /**
     * Synthetic field for 'CharacterDetails2'
     */
    public CharacterDetails2 characterDetails2;

    /**
     * Synthetic field for 'CharacterDetails3'
     */
    public CharacterDetails3 characterDetails3;

    public Hero(String __typename, CharacterDetails characterDetails,
        CharacterDetails2 characterDetails2, CharacterDetails3 characterDetails3) {
      this.__typename = __typename;
      this.characterDetails = characterDetails;
      this.characterDetails2 = characterDetails2;
      this.characterDetails3 = characterDetails3;
    }
  }
}
