//
// AUTO-GENERATED FILE. DO NOT MODIFY.
//
// This class was automatically generated by Apollo GraphQL version '$VERSION'.
//
package com.example.not_all_combinations_are_needed;

import com.apollographql.apollo3.api.CompiledField;
import com.apollographql.apollo3.api.CompositeAdapter;
import com.apollographql.apollo3.api.CustomScalarAdapters;
import com.apollographql.apollo3.api.ObjectCompositeAdapter;
import com.apollographql.apollo3.api.Query;
import com.apollographql.apollo3.api.json.JsonWriter;
import com.example.not_all_combinations_are_needed.adapter.TestQuery_ResponseAdapter;
import com.example.not_all_combinations_are_needed.fragment.BFragment;
import com.example.not_all_combinations_are_needed.selections.TestQuerySelections;
import java.io.IOException;
import java.lang.Override;
import java.lang.String;

public class TestQuery implements Query<TestQuery.Data> {
  public static final String OPERATION_ID = "16500a4d2f3e21ea2357fd3532aff655fc2b37e893570d1e8d1944c4af4f9f1d";

  /**
   * The minimized GraphQL document being sent to the server to save a few bytes.
   * The un-minimized version is:
   *
   * query TestQuery {
   *   root {
   *     __typename
   *     ... on A {
   *       __typename
   *       fieldA1
   *       ... on B {
   *         __typename
   *         ...bFragment
   *       }
   *     }
   *   }
   * }
   *
   * fragment bFragment on B {
   *   fieldB1
   * }
   */
  public static final String OPERATION_DOCUMENT = "query TestQuery { root { __typename ... on A { __typename fieldA1 ... on B { __typename ...bFragment } } } }  fragment bFragment on B { fieldB1 }";

  public static final String OPERATION_NAME = "TestQuery";

  public TestQuery() {

  }

  public static Builder builder() {
    return new Builder();
  }

  @Override
  public String id() {
    return OPERATION_ID;
  }

  @Override
  public String document() {
    return OPERATION_DOCUMENT;
  }

  @Override
  public String name() {
    return OPERATION_NAME;
  }

  @Override
  public void serializeVariables(JsonWriter writer, CustomScalarAdapters customScalarAdapters,
      boolean withBooleanDefaultValues) throws IOException {
    // This operation doesn't have any variable
  }

  @Override
  public CompositeAdapter<Data> adapter() {
    return new ObjectCompositeAdapter<Data>(TestQuery_ResponseAdapter.Data.INSTANCE, false);
  }

  @Override
  public CompiledField rootField() {
    return new CompiledField.Builder(
      "data",
      com.example.not_all_combinations_are_needed.type.Query.type
    )
    .selections(TestQuerySelections.__root)
    .build();
  }

  public static final class Builder {
    Builder() {
    }

    public TestQuery build() {
      return new TestQuery();
    }
  }

  public static class Data implements Query.Data {
    public Root root;

    public Data(Root root) {
      this.root = root;
    }
  }

  public static class Root {
    public String __typename;

    /**
     * Synthetic field for inline fragment on A
     */
    public OnA onA;

    public Root(String __typename, OnA onA) {
      this.__typename = __typename;
      this.onA = onA;
    }
  }

  public static class OnA {
    public String __typename;

    public String fieldA1;

    /**
     * Synthetic field for inline fragment on B
     */
    public OnB onB;

    public OnA(String __typename, String fieldA1, OnB onB) {
      this.__typename = __typename;
      this.fieldA1 = fieldA1;
      this.onB = onB;
    }
  }

  public static class OnB {
    public String __typename;

    /**
     * Synthetic field for 'bFragment'
     */
    public BFragment bFragment;

    public OnB(String __typename, BFragment bFragment) {
      this.__typename = __typename;
      this.bFragment = bFragment;
    }
  }
}
