//
// AUTO-GENERATED FILE. DO NOT MODIFY.
//
// This class was automatically generated by Apollo GraphQL version '$VERSION'.
//
package com.example.data_builders.fragment;

import com.apollographql.apollo3.api.Fragment;
import java.lang.String;

public class DogFragment implements Fragment.Data {
  public String woof;

  public DogFragment(String woof) {
    this.woof = woof;
  }
}
