//
// AUTO-GENERATED FILE. DO NOT MODIFY.
//
// This class was automatically generated by Apollo GraphQL version '$VERSION'.
//
package com.example.data_builders.fragment;

import com.apollographql.apollo3.api.CompiledField;
import com.apollographql.apollo3.api.CompositeAdapter;
import com.apollographql.apollo3.api.CustomScalarAdapters;
import com.apollographql.apollo3.api.Fragment;
import com.apollographql.apollo3.api.ObjectCompositeAdapter;
import com.apollographql.apollo3.api.json.JsonWriter;
import com.example.data_builders.fragment.selections.HumanFragmentSelections;
import com.example.data_builders.type.Human;
import java.io.IOException;
import java.lang.Override;

public class HumanFragmentImpl implements Fragment<HumanFragment> {
  public HumanFragmentImpl() {

  }

  @Override
  public void serializeVariables(JsonWriter writer, CustomScalarAdapters customScalarAdapters,
      boolean withBooleanDefaultValues) throws IOException {
    // This fragment doesn't have any variable
  }

  @Override
  public CompositeAdapter<HumanFragment> adapter() {
    return new ObjectCompositeAdapter<HumanFragment>(HumanFragmentImpl_ResponseAdapter.HumanFragment.INSTANCE, false);
  }

  @Override
  public CompiledField rootField() {
    return new CompiledField.Builder(
      "data",
      Human.type
    )
    .selections(HumanFragmentSelections.__root)
    .build();
  }
}
