//
// AUTO-GENERATED FILE. DO NOT MODIFY.
//
// This class was automatically generated by Apollo GraphQL version '$VERSION'.
//
package com.example.simple_fragment_with_inline_fragments.fragment;

import com.apollographql.apollo3.api.Fragment;
import java.lang.Double;
import java.lang.String;
import java.util.List;

public class HeroDetails implements Fragment.Data {
  /**
   * The name of the character
   */
  public String name;

  /**
   * The friends of the character, or an empty list if they have none
   */
  public List<Friend> friends;

  public HeroDetails(String name, List<Friend> friends) {
    this.name = name;
    this.friends = friends;
  }

  public static class Friend {
    public String __typename;

    /**
     * The name of the character
     */
    public String name;

    /**
     * Synthetic field for inline fragment on Human
     */
    public OnHuman onHuman;

    /**
     * Synthetic field for inline fragment on Droid
     */
    public OnDroid onDroid;

    public Friend(String __typename, String name, OnHuman onHuman, OnDroid onDroid) {
      this.__typename = __typename;
      this.name = name;
      this.onHuman = onHuman;
      this.onDroid = onDroid;
    }
  }

  public static class OnHuman {
    /**
     * Height in the preferred unit, default is meters
     */
    public Double height;

    public OnHuman(Double height) {
      this.height = height;
    }
  }

  public static class OnDroid {
    /**
     * This droid's primary function
     */
    public String primaryFunction;

    public OnDroid(String primaryFunction) {
      this.primaryFunction = primaryFunction;
    }
  }
}
