//
// AUTO-GENERATED FILE. DO NOT MODIFY.
//
// This class was automatically generated by Apollo GraphQL version '$VERSION'.
//
package com.example.multiple_fragments;

import com.apollographql.apollo3.api.CompiledField;
import com.apollographql.apollo3.api.CompositeAdapter;
import com.apollographql.apollo3.api.CustomScalarAdapters;
import com.apollographql.apollo3.api.ObjectCompositeAdapter;
import com.apollographql.apollo3.api.Query;
import com.apollographql.apollo3.api.json.JsonWriter;
import com.example.multiple_fragments.adapter.TestQuery_ResponseAdapter;
import com.example.multiple_fragments.fragment.AFragment;
import com.example.multiple_fragments.selections.TestQuerySelections;
import java.io.IOException;
import java.lang.Override;
import java.lang.String;

public class TestQuery implements Query<TestQuery.Data> {
  public static final String OPERATION_ID = "17957893a92546c5a6a6c22ea23453c05b06d4bf74f3be7e2ecec5d89338e14c";

  /**
   * The minimized GraphQL document being sent to the server to save a few bytes.
   * The un-minimized version is:
   *
   * query TestQuery {
   *   a {
   *     __typename
   *     ...aFragment
   *   }
   * }
   *
   * fragment fragment1 on ANode {
   *   field1
   * }
   *
   * fragment fragment2 on ANode {
   *   field2
   * }
   *
   * fragment aFragment on A {
   *   node {
   *     __typename
   *     ...fragment1
   *     ...fragment2
   *   }
   * }
   */
  public static final String OPERATION_DOCUMENT = "query TestQuery { a { __typename ...aFragment } }  fragment fragment1 on ANode { field1 }  fragment fragment2 on ANode { field2 }  fragment aFragment on A { node { __typename ...fragment1 ...fragment2 } }";

  public static final String OPERATION_NAME = "TestQuery";

  public TestQuery() {

  }

  public static Builder builder() {
    return new Builder();
  }

  @Override
  public String id() {
    return OPERATION_ID;
  }

  @Override
  public String document() {
    return OPERATION_DOCUMENT;
  }

  @Override
  public String name() {
    return OPERATION_NAME;
  }

  @Override
  public void serializeVariables(JsonWriter writer, CustomScalarAdapters customScalarAdapters,
      boolean withBooleanDefaultValues) throws IOException {
    // This operation doesn't have any variable
  }

  @Override
  public CompositeAdapter<Data> adapter() {
    return new ObjectCompositeAdapter<Data>(TestQuery_ResponseAdapter.Data.INSTANCE, false);
  }

  @Override
  public CompiledField rootField() {
    return new CompiledField.Builder(
      "data",
      com.example.multiple_fragments.type.Query.type
    )
    .selections(TestQuerySelections.__root)
    .build();
  }

  public static final class Builder {
    Builder() {
    }

    public TestQuery build() {
      return new TestQuery();
    }
  }

  public static class Data implements Query.Data {
    public A a;

    public Data(A a) {
      this.a = a;
    }
  }

  public static class A {
    public String __typename;

    /**
     * Synthetic field for 'aFragment'
     */
    public AFragment aFragment;

    public A(String __typename, AFragment aFragment) {
      this.__typename = __typename;
      this.aFragment = aFragment;
    }
  }
}
