//
// AUTO-GENERATED FILE. DO NOT MODIFY.
//
// This class was automatically generated by Apollo GraphQL version '$VERSION'.
//
package com.example.root_query_fragment_with_nested_fragments.fragment;

import com.apollographql.apollo3.api.Fragment;
import java.lang.String;

public class HeroFragment implements Fragment.Data {
  /**
   * The name of the character
   */
  public String name;

  public HeroFragment(String name) {
    this.name = name;
  }
}
