//
// AUTO-GENERATED FILE. DO NOT MODIFY.
//
// This class was automatically generated by Apollo GraphQL version '$VERSION'.
//
package com.example.root_query_fragment_with_nested_fragments.fragment;

import com.apollographql.apollo3.api.CompiledField;
import com.apollographql.apollo3.api.CompositeAdapter;
import com.apollographql.apollo3.api.CustomScalarAdapters;
import com.apollographql.apollo3.api.Fragment;
import com.apollographql.apollo3.api.ObjectCompositeAdapter;
import com.apollographql.apollo3.api.json.JsonWriter;
import com.example.root_query_fragment_with_nested_fragments.fragment.selections.heroFragmentSelections;
import com.example.root_query_fragment_with_nested_fragments.type.Character;
import java.io.IOException;
import java.lang.Override;

public class HeroFragmentImpl implements Fragment<HeroFragment> {
  public HeroFragmentImpl() {

  }

  @Override
  public void serializeVariables(JsonWriter writer, CustomScalarAdapters customScalarAdapters,
      boolean withBooleanDefaultValues) throws IOException {
    // This fragment doesn't have any variable
  }

  @Override
  public CompositeAdapter<HeroFragment> adapter() {
    return new ObjectCompositeAdapter<HeroFragment>(HeroFragmentImpl_ResponseAdapter.HeroFragment.INSTANCE, false);
  }

  @Override
  public CompiledField rootField() {
    return new CompiledField.Builder(
      "data",
      Character.type
    )
    .selections(heroFragmentSelections.__root)
    .build();
  }
}
