//
// AUTO-GENERATED FILE. DO NOT MODIFY.
//
// This class was automatically generated by Apollo GraphQL version '$VERSION'.
//
package com.example.root_query_fragment_with_nested_fragments.fragment;

import com.apollographql.apollo3.api.Fragment;
import java.lang.String;

public class QueryFragment implements Fragment.Data {
  public String __typename;

  public Hero hero;

  public Droid droid;

  public Human human;

  public QueryFragment(String __typename, Hero hero, Droid droid, Human human) {
    this.__typename = __typename;
    this.hero = hero;
    this.droid = droid;
    this.human = human;
  }

  public static class Hero {
    public String __typename;

    /**
     * Synthetic field for 'heroFragment'
     */
    public HeroFragment heroFragment;

    public Hero(String __typename, HeroFragment heroFragment) {
      this.__typename = __typename;
      this.heroFragment = heroFragment;
    }
  }

  public static class Droid {
    public String __typename;

    /**
     * Synthetic field for 'droidFragment'
     */
    public DroidFragment droidFragment;

    public Droid(String __typename, DroidFragment droidFragment) {
      this.__typename = __typename;
      this.droidFragment = droidFragment;
    }
  }

  public static class Human {
    public String __typename;

    /**
     * Synthetic field for inline fragment on Human
     */
    public OnHuman onHuman;

    public Human(String __typename, OnHuman onHuman) {
      this.__typename = __typename;
      this.onHuman = onHuman;
    }
  }

  public static class OnHuman {
    /**
     * What this human calls themselves
     */
    public String name;

    /**
     * The home planet of the human, or null if unknown
     */
    public String homePlanet;

    public OnHuman(String name, String homePlanet) {
      this.name = name;
      this.homePlanet = homePlanet;
    }
  }
}
