//
// AUTO-GENERATED FILE. DO NOT MODIFY.
//
// This class was automatically generated by Apollo GraphQL version '$VERSION'.
//
package com.example.simple_union.fragment;

import com.apollographql.apollo3.api.Fragment;
import java.lang.String;

public class CatFragment implements Fragment.Data {
  public String meow;

  public CatFragment(String meow) {
    this.meow = meow;
  }
}
