//
// AUTO-GENERATED FILE. DO NOT MODIFY.
//
// This class was automatically generated by Apollo GraphQL version '$VERSION'.
//
package com.example.simple_union.fragment;

import com.apollographql.apollo3.api.CompiledField;
import com.apollographql.apollo3.api.CompositeAdapter;
import com.apollographql.apollo3.api.CustomScalarAdapters;
import com.apollographql.apollo3.api.Fragment;
import com.apollographql.apollo3.api.ObjectCompositeAdapter;
import com.apollographql.apollo3.api.json.JsonWriter;
import com.example.simple_union.fragment.selections.CatFragmentSelections;
import com.example.simple_union.type.Cat;
import java.io.IOException;
import java.lang.Override;

public class CatFragmentImpl implements Fragment<CatFragment> {
  public CatFragmentImpl() {

  }

  @Override
  public void serializeVariables(JsonWriter writer, CustomScalarAdapters customScalarAdapters,
      boolean withBooleanDefaultValues) throws IOException {
    // This fragment doesn't have any variable
  }

  @Override
  public CompositeAdapter<CatFragment> adapter() {
    return new ObjectCompositeAdapter<CatFragment>(CatFragmentImpl_ResponseAdapter.CatFragment.INSTANCE, false);
  }

  @Override
  public CompiledField rootField() {
    return new CompiledField.Builder(
      "data",
      Cat.type
    )
    .selections(CatFragmentSelections.__root)
    .build();
  }
}
