//
// AUTO-GENERATED FILE. DO NOT MODIFY.
//
// This class was automatically generated by Apollo GraphQL version '$VERSION'.
//
package com.example.operationbased2_ex8.fragment;

import com.apollographql.apollo3.api.CompiledField;
import com.apollographql.apollo3.api.CompositeAdapter;
import com.apollographql.apollo3.api.CustomScalarAdapters;
import com.apollographql.apollo3.api.Fragment;
import com.apollographql.apollo3.api.ObjectCompositeAdapter;
import com.apollographql.apollo3.api.json.JsonWriter;
import com.example.operationbased2_ex8.fragment.selections.AnimalFragmentSelections;
import com.example.operationbased2_ex8.type.Animal;
import java.io.IOException;
import java.lang.Override;

public class AnimalFragmentImpl implements Fragment<AnimalFragment> {
  public AnimalFragmentImpl() {

  }

  @Override
  public void serializeVariables(JsonWriter writer, CustomScalarAdapters customScalarAdapters,
      boolean withBooleanDefaultValues) throws IOException {
    // This fragment doesn't have any variable
  }

  @Override
  public CompositeAdapter<AnimalFragment> adapter() {
    return new ObjectCompositeAdapter<AnimalFragment>(AnimalFragmentImpl_ResponseAdapter.AnimalFragment.INSTANCE, false);
  }

  @Override
  public CompiledField rootField() {
    return new CompiledField.Builder(
      "data",
      Animal.type
    )
    .selections(AnimalFragmentSelections.__root)
    .build();
  }
}
