//
// AUTO-GENERATED FILE. DO NOT MODIFY.
//
// This class was automatically generated by Apollo GraphQL version '$VERSION'.
//
package com.example.fragment_used_twice.fragment;

import com.apollographql.apollo3.api.Fragment;
import java.lang.Object;
import java.lang.String;

public class CharacterDetails implements Fragment.Data {
  /**
   * The name of the character
   */
  public String name;

  /**
   * The date character was born.
   */
  public Object birthDate;

  public CharacterDetails(String name, Object birthDate) {
    this.name = name;
    this.birthDate = birthDate;
  }
}
