//
// AUTO-GENERATED FILE. DO NOT MODIFY.
//
// This class was automatically generated by Apollo GraphQL version '$VERSION'.
//
package com.example.fragment_used_twice.fragment;

import com.apollographql.apollo3.api.Fragment;
import java.lang.String;

public class HeroDetails implements Fragment.Data {
  public String __typename;

  /**
   * The name of the character
   */
  public String name;

  /**
   * Synthetic field for 'CharacterDetails'
   */
  public CharacterDetails characterDetails;

  public HeroDetails(String __typename, String name, CharacterDetails characterDetails) {
    this.__typename = __typename;
    this.name = name;
    this.characterDetails = characterDetails;
  }
}
