//
// AUTO-GENERATED FILE. DO NOT MODIFY.
//
// This class was automatically generated by Apollo GraphQL version '$VERSION'.
//
package com.example.fragments_with_type_condition.fragment;

import com.apollographql.apollo3.api.CompiledField;
import com.apollographql.apollo3.api.CompositeAdapter;
import com.apollographql.apollo3.api.CustomScalarAdapters;
import com.apollographql.apollo3.api.Fragment;
import com.apollographql.apollo3.api.ObjectCompositeAdapter;
import com.apollographql.apollo3.api.json.JsonWriter;
import com.example.fragments_with_type_condition.fragment.selections.DroidDetailsSelections;
import com.example.fragments_with_type_condition.type.Droid;
import java.io.IOException;
import java.lang.Override;

public class DroidDetailsImpl implements Fragment<DroidDetails> {
  public DroidDetailsImpl() {

  }

  @Override
  public void serializeVariables(JsonWriter writer, CustomScalarAdapters customScalarAdapters,
      boolean withBooleanDefaultValues) throws IOException {
    // This fragment doesn't have any variable
  }

  @Override
  public CompositeAdapter<DroidDetails> adapter() {
    return new ObjectCompositeAdapter<DroidDetails>(DroidDetailsImpl_ResponseAdapter.DroidDetails.INSTANCE, false);
  }

  @Override
  public CompiledField rootField() {
    return new CompiledField.Builder(
      "data",
      Droid.type
    )
    .selections(DroidDetailsSelections.__root)
    .build();
  }
}
