//
// AUTO-GENERATED FILE. DO NOT MODIFY.
//
// This class was automatically generated by Apollo GraphQL version '$VERSION'.
//
package com.example.fragments_with_type_condition.fragment;

import com.apollographql.apollo3.api.Fragment;
import java.lang.Double;
import java.lang.String;

public class HumanDetails implements Fragment.Data {
  /**
   * What this human calls themselves
   */
  public String name;

  /**
   * Height in the preferred unit, default is meters
   */
  public Double height;

  public HumanDetails(String name, Double height) {
    this.name = name;
    this.height = height;
  }
}
