//
// AUTO-GENERATED FILE. DO NOT MODIFY.
//
// This class was automatically generated by Apollo GraphQL version '$VERSION'.
//
package com.example.named_fragment_inside_inline_fragment.fragment;

import com.apollographql.apollo3.api.Fragment;
import com.example.named_fragment_inside_inline_fragment.type.Episode;
import java.util.List;

public class CharacterAppearsIn implements Fragment.Data {
  /**
   * The movies this character appears in
   */
  public List<Episode> appearsIn;

  public CharacterAppearsIn(List<Episode> appearsIn) {
    this.appearsIn = appearsIn;
  }
}
