//
// AUTO-GENERATED FILE. DO NOT MODIFY.
//
// This class was automatically generated by Apollo GraphQL version '$VERSION'.
//
package com.example.named_fragment_inside_inline_fragment.fragment;

import com.apollographql.apollo3.api.CompiledField;
import com.apollographql.apollo3.api.CompositeAdapter;
import com.apollographql.apollo3.api.CustomScalarAdapters;
import com.apollographql.apollo3.api.Fragment;
import com.apollographql.apollo3.api.ObjectCompositeAdapter;
import com.apollographql.apollo3.api.json.JsonWriter;
import com.example.named_fragment_inside_inline_fragment.fragment.selections.characterAppearsInSelections;
import com.example.named_fragment_inside_inline_fragment.type.Character;
import java.io.IOException;
import java.lang.Override;

public class CharacterAppearsInImpl implements Fragment<CharacterAppearsIn> {
  public CharacterAppearsInImpl() {

  }

  @Override
  public void serializeVariables(JsonWriter writer, CustomScalarAdapters customScalarAdapters,
      boolean withBooleanDefaultValues) throws IOException {
    // This fragment doesn't have any variable
  }

  @Override
  public CompositeAdapter<CharacterAppearsIn> adapter() {
    return new ObjectCompositeAdapter<CharacterAppearsIn>(CharacterAppearsInImpl_ResponseAdapter.CharacterAppearsIn.INSTANCE, false);
  }

  @Override
  public CompiledField rootField() {
    return new CompiledField.Builder(
      "data",
      Character.type
    )
    .selections(characterAppearsInSelections.__root)
    .build();
  }
}
