//
// AUTO-GENERATED FILE. DO NOT MODIFY.
//
// This class was automatically generated by Apollo GraphQL version '$VERSION'.
//
package com.example.java_primitive_types.type;

import com.apollographql.apollo3.api.Optional;
import java.lang.Integer;

public class MyInput {
  public final Optional<Integer> nullableInt;

  public final int nonNullableInt;

  public final Optional<Integer> nonNullableIntWithDefault;

  public MyInput(Optional<Integer> nullableInt, int nonNullableInt,
      Optional<Integer> nonNullableIntWithDefault) {
    this.nullableInt = nullableInt;
    this.nonNullableInt = nonNullableInt;
    this.nonNullableIntWithDefault = nonNullableIntWithDefault;
  }

  public static Builder builder() {
    return new Builder();
  }

  public static final class Builder {
    private Optional<Integer> nullableInt = Optional.absent();

    private int nonNullableInt;

    private Optional<Integer> nonNullableIntWithDefault = Optional.absent();

    Builder() {
    }

    public Builder nullableInt(Integer nullableInt) {
      this.nullableInt = Optional.present(nullableInt);
      return this;
    }

    public Builder nonNullableInt(int nonNullableInt) {
      this.nonNullableInt = nonNullableInt;
      return this;
    }

    public Builder nonNullableIntWithDefault(Integer nonNullableIntWithDefault) {
      this.nonNullableIntWithDefault = Optional.present(nonNullableIntWithDefault);
      return this;
    }

    public MyInput build() {
      return new MyInput(nullableInt, nonNullableInt, nonNullableIntWithDefault);
    }
  }
}
