//
// AUTO-GENERATED FILE. DO NOT MODIFY.
//
// This class was automatically generated by Apollo GraphQL version '$VERSION'.
//
package com.example.deprecated_merged_field.fragment;

import com.apollographql.apollo3.api.Fragment;
import java.lang.Deprecated;
import java.lang.String;

public class AnimalFragment implements Fragment.Data {
  public String __typename;

  /**
   * Synthetic field for inline fragment on Cat
   */
  public OnCat onCat;

  /**
   * Synthetic field for inline fragment on Dog
   */
  public OnDog onDog;

  public AnimalFragment(String __typename, OnCat onCat, OnDog onDog) {
    this.__typename = __typename;
    this.onCat = onCat;
    this.onDog = onDog;
  }

  public static class OnCat {
    public String name;

    public OnCat(String name) {
      this.name = name;
    }
  }

  public static class OnDog {
    /**
     * No longer supported
     */
    @Deprecated
    public String name;

    public OnDog(String name) {
      this.name = name;
    }
  }
}
