//
// AUTO-GENERATED FILE. DO NOT MODIFY.
//
// This class was automatically generated by Apollo GraphQL version '$VERSION'.
//
package com.example.inline_fragment_intersection.type;

import com.apollographql.apollo3.api.EnumType;
import java.lang.String;
import java.util.Arrays;

public class Race {
  public static EnumType type = new EnumType("Race", Arrays.asList("WOOKIE", "GUMGAN", "EWOK"));

  public static Race WOOKIE = new Race("WOOKIE");

  public static Race GUMGAN = new Race("GUMGAN");

  public static Race EWOK = new Race("EWOK");

  public String rawValue;

  public Race(String rawValue) {
    this.rawValue = rawValue;
  }

  public static Race safeValueOf(String rawValue) {
    switch(rawValue) {
      case "WOOKIE": return Race.WOOKIE;
      case "GUMGAN": return Race.GUMGAN;
      case "EWOK": return Race.EWOK;
      default: return new Race.UNKNOWN__(rawValue);
    }
  }

  /**
   * An enum value that wasn't known at compile time.
   */
  public static class UNKNOWN__ extends Race {
    public UNKNOWN__(String rawValue) {
      super(rawValue);
    }
  }
}
