//
// AUTO-GENERATED FILE. DO NOT MODIFY.
//
// This class was automatically generated by Apollo GraphQL version '$VERSION'.
//
package com.example.union_fragment.fragment;

import com.apollographql.apollo3.api.Fragment;
import java.lang.String;

public class Starship implements Fragment.Data {
  /**
   * The name of the starship
   */
  public String name;

  public Starship(String name) {
    this.name = name;
  }
}
