//
// AUTO-GENERATED FILE. DO NOT MODIFY.
//
// This class was automatically generated by Apollo GraphQL version '$VERSION'.
//
package com.example.root_query_inline_fragment;

import com.apollographql.apollo3.api.CompiledField;
import com.apollographql.apollo3.api.CompositeAdapter;
import com.apollographql.apollo3.api.CustomScalarAdapters;
import com.apollographql.apollo3.api.ObjectCompositeAdapter;
import com.apollographql.apollo3.api.Query;
import com.apollographql.apollo3.api.json.JsonWriter;
import com.example.root_query_inline_fragment.adapter.TestQuery_ResponseAdapter;
import com.example.root_query_inline_fragment.selections.TestQuerySelections;
import com.example.root_query_inline_fragment.type.Episode;
import java.io.IOException;
import java.lang.Double;
import java.lang.Override;
import java.lang.String;
import java.util.List;

public class TestQuery implements Query<TestQuery.Data> {
  public static final String OPERATION_ID = "25584d760eab0f41189b9f2bbdbba3c0ec491aced65ef23924ecdc8f41ffe78c";

  /**
   * The minimized GraphQL document being sent to the server to save a few bytes.
   * The un-minimized version is:
   *
   * query TestQuery {
   *   __typename
   *   ... on Query {
   *     __typename
   *     hero {
   *       __typename
   *       name
   *       appearsIn
   *       ... on Human {
   *         height
   *       }
   *     }
   *     droid(id: 1) {
   *       __typename
   *       ... on Droid {
   *         name
   *         primaryFunction
   *       }
   *     }
   *   }
   * }
   */
  public static final String OPERATION_DOCUMENT = "query TestQuery { __typename ... on Query { __typename hero { __typename name appearsIn ... on Human { height } } droid(id: 1) { __typename ... on Droid { name primaryFunction } } } }";

  public static final String OPERATION_NAME = "TestQuery";

  public TestQuery() {

  }

  public static Builder builder() {
    return new Builder();
  }

  @Override
  public String id() {
    return OPERATION_ID;
  }

  @Override
  public String document() {
    return OPERATION_DOCUMENT;
  }

  @Override
  public String name() {
    return OPERATION_NAME;
  }

  @Override
  public void serializeVariables(JsonWriter writer, CustomScalarAdapters customScalarAdapters,
      boolean withBooleanDefaultValues) throws IOException {
    // This operation doesn't have any variable
  }

  @Override
  public CompositeAdapter<Data> adapter() {
    return new ObjectCompositeAdapter<Data>(TestQuery_ResponseAdapter.Data.INSTANCE, true);
  }

  @Override
  public CompiledField rootField() {
    return new CompiledField.Builder(
      "data",
      com.example.root_query_inline_fragment.type.Query.type
    )
    .selections(TestQuerySelections.__root)
    .build();
  }

  public static final class Builder {
    Builder() {
    }

    public TestQuery build() {
      return new TestQuery();
    }
  }

  public static class Data implements Query.Data {
    public String __typename;

    /**
     * Synthetic field for inline fragment on Query
     */
    public OnQuery onQuery;

    public Data(String __typename, OnQuery onQuery) {
      this.__typename = __typename;
      this.onQuery = onQuery;
    }
  }

  public static class OnQuery {
    public String __typename;

    public Hero hero;

    public Droid droid;

    public OnQuery(String __typename, Hero hero, Droid droid) {
      this.__typename = __typename;
      this.hero = hero;
      this.droid = droid;
    }
  }

  public static class Hero {
    public String __typename;

    /**
     * The name of the character
     */
    public String name;

    /**
     * The movies this character appears in
     */
    public List<Episode> appearsIn;

    /**
     * Synthetic field for inline fragment on Human
     */
    public OnHuman onHuman;

    public Hero(String __typename, String name, List<Episode> appearsIn, OnHuman onHuman) {
      this.__typename = __typename;
      this.name = name;
      this.appearsIn = appearsIn;
      this.onHuman = onHuman;
    }
  }

  public static class OnHuman {
    /**
     * Height in the preferred unit, default is meters
     */
    public Double height;

    public OnHuman(Double height) {
      this.height = height;
    }
  }

  public static class Droid {
    public String __typename;

    /**
     * Synthetic field for inline fragment on Droid
     */
    public OnDroid onDroid;

    public Droid(String __typename, OnDroid onDroid) {
      this.__typename = __typename;
      this.onDroid = onDroid;
    }
  }

  public static class OnDroid {
    /**
     * What others call this droid
     */
    public String name;

    /**
     * This droid's primary function
     */
    public String primaryFunction;

    public OnDroid(String name, String primaryFunction) {
      this.name = name;
      this.primaryFunction = primaryFunction;
    }
  }
}
