//
// AUTO-GENERATED FILE. DO NOT MODIFY.
//
// This class was automatically generated by Apollo GraphQL version '$VERSION'.
//
package com.example.root_query_fragment.fragment;

import com.apollographql.apollo3.api.Fragment;
import java.lang.String;

public class QueryFragment implements Fragment.Data {
  public String __typename;

  public Hero hero;

  public QueryFragment(String __typename, Hero hero) {
    this.__typename = __typename;
    this.hero = hero;
  }

  public static class Hero {
    /**
     * The name of the character
     */
    public String name;

    public Hero(String name) {
      this.name = name;
    }
  }
}
