//
// AUTO-GENERATED FILE. DO NOT MODIFY.
//
// This class was automatically generated by Apollo GraphQL version '$VERSION'.
//
package com.example.test_inline;

import com.apollographql.apollo3.api.CompiledField;
import com.apollographql.apollo3.api.CompositeAdapter;
import com.apollographql.apollo3.api.CustomScalarAdapters;
import com.apollographql.apollo3.api.ObjectCompositeAdapter;
import com.apollographql.apollo3.api.Query;
import com.apollographql.apollo3.api.json.JsonWriter;
import com.example.test_inline.adapter.GetPage_ResponseAdapter;
import com.example.test_inline.selections.GetPageSelections;
import java.io.IOException;
import java.lang.Override;
import java.lang.String;
import java.util.List;

public class GetPage implements Query<GetPage.Data> {
  public static final String OPERATION_ID = "09dd0a176a2233eccc3b2d3a76f25a1083460354f399f8b1aaf172c18cfc202b";

  /**
   * The minimized GraphQL document being sent to the server to save a few bytes.
   * The un-minimized version is:
   *
   * query GetPage {
   *   collection {
   *     __typename
   *     items {
   *       title
   *     }
   *     ... on ParticularCollection {
   *       items {
   *         __typename
   *         ... on ParticularItem {
   *           image
   *         }
   *       }
   *     }
   *   }
   * }
   */
  public static final String OPERATION_DOCUMENT = "query GetPage { collection { __typename items { title } ... on ParticularCollection { items { __typename ... on ParticularItem { image } } } } }";

  public static final String OPERATION_NAME = "GetPage";

  public GetPage() {

  }

  public static Builder builder() {
    return new Builder();
  }

  @Override
  public String id() {
    return OPERATION_ID;
  }

  @Override
  public String document() {
    return OPERATION_DOCUMENT;
  }

  @Override
  public String name() {
    return OPERATION_NAME;
  }

  @Override
  public void serializeVariables(JsonWriter writer, CustomScalarAdapters customScalarAdapters,
      boolean withBooleanDefaultValues) throws IOException {
    // This operation doesn't have any variable
  }

  @Override
  public CompositeAdapter<Data> adapter() {
    return new ObjectCompositeAdapter<Data>(GetPage_ResponseAdapter.Data.INSTANCE, false);
  }

  @Override
  public CompiledField rootField() {
    return new CompiledField.Builder(
      "data",
      com.example.test_inline.type.Query.type
    )
    .selections(GetPageSelections.__root)
    .build();
  }

  public static final class Builder {
    Builder() {
    }

    public GetPage build() {
      return new GetPage();
    }
  }

  public static class Data implements Query.Data {
    public Collection collection;

    public Data(Collection collection) {
      this.collection = collection;
    }
  }

  public static class Collection {
    public String __typename;

    public List<Item> items;

    /**
     * Synthetic field for inline fragment on ParticularCollection
     */
    public OnParticularCollection onParticularCollection;

    public Collection(String __typename, List<Item> items,
        OnParticularCollection onParticularCollection) {
      this.__typename = __typename;
      this.items = items;
      this.onParticularCollection = onParticularCollection;
    }
  }

  public static class Item {
    public String title;

    public Item(String title) {
      this.title = title;
    }
  }

  public static class OnParticularCollection {
    public List<Item1> items;

    public OnParticularCollection(List<Item1> items) {
      this.items = items;
    }
  }

  public static class Item1 {
    public String __typename;

    /**
     * Synthetic field for inline fragment on ParticularItem
     */
    public OnParticularItem onParticularItem;

    public Item1(String __typename, OnParticularItem onParticularItem) {
      this.__typename = __typename;
      this.onParticularItem = onParticularItem;
    }
  }

  public static class OnParticularItem {
    public String image;

    public OnParticularItem(String image) {
      this.image = image;
    }
  }
}
