//
// AUTO-GENERATED FILE. DO NOT MODIFY.
//
// This class was automatically generated by Apollo GraphQL version '$VERSION'.
//
package com.example.java8annotation;

import com.apollographql.apollo3.api.CompiledField;
import com.apollographql.apollo3.api.CompositeAdapter;
import com.apollographql.apollo3.api.CustomScalarAdapters;
import com.apollographql.apollo3.api.Mutation;
import com.apollographql.apollo3.api.ObjectCompositeAdapter;
import com.apollographql.apollo3.api.json.JsonWriter;
import com.example.java8annotation.adapter.LoginBarber_ResponseAdapter;
import com.example.java8annotation.adapter.LoginBarber_VariablesAdapter;
import com.example.java8annotation.selections.LoginBarberSelections;
import java.io.IOException;
import java.lang.Override;
import java.lang.String;
import org.jetbrains.annotations.NotNull;

public class LoginBarber implements Mutation<LoginBarber.Data> {
  public static final String OPERATION_ID = "1a8d9f5ee31f38a8c4095cabd35889a9cbb5b44c83c1302286f743fd8d838110";

  /**
   * The minimized GraphQL document being sent to the server to save a few bytes.
   * The un-minimized version is:
   *
   * mutation LoginBarber($input: Login!) {
   *   login(input: $input) {
   *     response
   *   }
   * }
   */
  public static final String OPERATION_DOCUMENT = "mutation LoginBarber($input: Login!) { login(input: $input) { response } }";

  public static final String OPERATION_NAME = "LoginBarber";

  @NotNull
  public final com.example.java8annotation.type.Login input;

  public LoginBarber(@NotNull com.example.java8annotation.type.Login input) {
    this.input = input;
  }

  public static Builder builder() {
    return new Builder();
  }

  @Override
  public String id() {
    return OPERATION_ID;
  }

  @Override
  public String document() {
    return OPERATION_DOCUMENT;
  }

  @Override
  public String name() {
    return OPERATION_NAME;
  }

  @Override
  public void serializeVariables(JsonWriter writer, CustomScalarAdapters customScalarAdapters,
      boolean withBooleanDefaultValues) throws IOException {
    LoginBarber_VariablesAdapter.INSTANCE.serializeVariables(writer, this, customScalarAdapters, withBooleanDefaultValues);
  }

  @Override
  public CompositeAdapter<Data> adapter() {
    return new ObjectCompositeAdapter<Data>(LoginBarber_ResponseAdapter.Data.INSTANCE, false);
  }

  @Override
  public CompiledField rootField() {
    return new CompiledField.Builder(
      "data",
      com.example.java8annotation.type.Mutation.type
    )
    .selections(LoginBarberSelections.__root)
    .build();
  }

  public static final class Builder {
    private com.example.java8annotation.type.Login input;

    Builder() {
    }

    public Builder input(@NotNull com.example.java8annotation.type.Login input) {
      this.input = input;
      return this;
    }

    public LoginBarber build() {
      return new LoginBarber(input);
    }
  }

  public static class Data implements Mutation.Data {
    @NotNull
    public Login login;

    public Data(@NotNull Login login) {
      this.login = login;
    }
  }

  public static class Login {
    @NotNull
    public String response;

    public Login(@NotNull String response) {
      this.response = response;
    }
  }
}
