//
// AUTO-GENERATED FILE. DO NOT MODIFY.
//
// This class was automatically generated by Apollo GraphQL version '$VERSION'.
//
package com.example.fragments_same_type_condition;

import com.apollographql.apollo3.api.CompiledField;
import com.apollographql.apollo3.api.CompositeAdapter;
import com.apollographql.apollo3.api.CustomScalarAdapters;
import com.apollographql.apollo3.api.ObjectCompositeAdapter;
import com.apollographql.apollo3.api.Query;
import com.apollographql.apollo3.api.json.JsonWriter;
import com.example.fragments_same_type_condition.adapter.TestQuery_ResponseAdapter;
import com.example.fragments_same_type_condition.fragment.DroidDetails1;
import com.example.fragments_same_type_condition.fragment.DroidDetails2;
import com.example.fragments_same_type_condition.selections.TestQuerySelections;
import java.io.IOException;
import java.lang.Override;
import java.lang.String;

public class TestQuery implements Query<TestQuery.Data> {
  public static final String OPERATION_ID = "c3225dc1a6a27daa930abab4a098121fed0a7bc2e955c3cb931002dc1e1900c3";

  /**
   * The minimized GraphQL document being sent to the server to save a few bytes.
   * The un-minimized version is:
   *
   * query TestQuery {
   *   hero {
   *     __typename
   *     ...DroidDetails1
   *     ...DroidDetails2
   *   }
   * }
   *
   * fragment DroidDetails1 on Droid {
   *   name
   * }
   *
   * fragment DroidDetails2 on Droid {
   *   primaryFunction
   * }
   */
  public static final String OPERATION_DOCUMENT = "query TestQuery { hero { __typename ...DroidDetails1 ...DroidDetails2 } }  fragment DroidDetails1 on Droid { name }  fragment DroidDetails2 on Droid { primaryFunction }";

  public static final String OPERATION_NAME = "TestQuery";

  public TestQuery() {

  }

  public static Builder builder() {
    return new Builder();
  }

  @Override
  public String id() {
    return OPERATION_ID;
  }

  @Override
  public String document() {
    return OPERATION_DOCUMENT;
  }

  @Override
  public String name() {
    return OPERATION_NAME;
  }

  @Override
  public void serializeVariables(JsonWriter writer, CustomScalarAdapters customScalarAdapters,
      boolean withBooleanDefaultValues) throws IOException {
    // This operation doesn't have any variable
  }

  @Override
  public CompositeAdapter<Data> adapter() {
    return new ObjectCompositeAdapter<Data>(TestQuery_ResponseAdapter.Data.INSTANCE, false);
  }

  @Override
  public CompiledField rootField() {
    return new CompiledField.Builder(
      "data",
      com.example.fragments_same_type_condition.type.Query.type
    )
    .selections(TestQuerySelections.__root)
    .build();
  }

  public static final class Builder {
    Builder() {
    }

    public TestQuery build() {
      return new TestQuery();
    }
  }

  public static class Data implements Query.Data {
    public Hero hero;

    public Data(Hero hero) {
      this.hero = hero;
    }
  }

  public static class Hero {
    public String __typename;

    /**
     * Synthetic field for 'DroidDetails1'
     */
    public DroidDetails1 droidDetails1;

    /**
     * Synthetic field for 'DroidDetails2'
     */
    public DroidDetails2 droidDetails2;

    public Hero(String __typename, DroidDetails1 droidDetails1, DroidDetails2 droidDetails2) {
      this.__typename = __typename;
      this.droidDetails1 = droidDetails1;
      this.droidDetails2 = droidDetails2;
    }
  }
}
