//
// AUTO-GENERATED FILE. DO NOT MODIFY.
//
// This class was automatically generated by Apollo GraphQL version '$VERSION'.
//
package com.example.typename_always_first;

import com.apollographql.apollo3.api.CompiledField;
import com.apollographql.apollo3.api.CompositeAdapter;
import com.apollographql.apollo3.api.CustomScalarAdapters;
import com.apollographql.apollo3.api.ObjectCompositeAdapter;
import com.apollographql.apollo3.api.Query;
import com.apollographql.apollo3.api.json.JsonWriter;
import com.example.typename_always_first.adapter.TestQuery_ResponseAdapter;
import com.example.typename_always_first.selections.TestQuerySelections;
import java.io.IOException;
import java.lang.Double;
import java.lang.Override;
import java.lang.String;

public class TestQuery implements Query<TestQuery.Data> {
  public static final String OPERATION_ID = "5351cc2f9dea89f8d8d9513a08a18eee20324eaba674211bf21f9c01cba9fdea";

  /**
   * The minimized GraphQL document being sent to the server to save a few bytes.
   * The un-minimized version is:
   *
   * query TestQuery {
   *   hero {
   *     __typename
   *     ... on Human {
   *       height
   *       __typename
   *     }
   *     ... on Droid {
   *       name
   *       __typename
   *       primaryFunction
   *     }
   *   }
   *   __typename
   * }
   */
  public static final String OPERATION_DOCUMENT = "query TestQuery { hero { __typename ... on Human { height __typename } ... on Droid { name __typename primaryFunction } } __typename }";

  public static final String OPERATION_NAME = "TestQuery";

  public TestQuery() {

  }

  public static Builder builder() {
    return new Builder();
  }

  @Override
  public String id() {
    return OPERATION_ID;
  }

  @Override
  public String document() {
    return OPERATION_DOCUMENT;
  }

  @Override
  public String name() {
    return OPERATION_NAME;
  }

  @Override
  public void serializeVariables(JsonWriter writer, CustomScalarAdapters customScalarAdapters,
      boolean withBooleanDefaultValues) throws IOException {
    // This operation doesn't have any variable
  }

  @Override
  public CompositeAdapter<Data> adapter() {
    return new ObjectCompositeAdapter<Data>(TestQuery_ResponseAdapter.Data.INSTANCE, false);
  }

  @Override
  public CompiledField rootField() {
    return new CompiledField.Builder(
      "data",
      com.example.typename_always_first.type.Query.type
    )
    .selections(TestQuerySelections.__root)
    .build();
  }

  public static final class Builder {
    Builder() {
    }

    public TestQuery build() {
      return new TestQuery();
    }
  }

  public static class Data implements Query.Data {
    public Hero hero;

    public String __typename;

    public Data(Hero hero, String __typename) {
      this.hero = hero;
      this.__typename = __typename;
    }
  }

  public static class Hero {
    public String __typename;

    /**
     * Synthetic field for inline fragment on Human
     */
    public OnHuman onHuman;

    /**
     * Synthetic field for inline fragment on Droid
     */
    public OnDroid onDroid;

    public Hero(String __typename, OnHuman onHuman, OnDroid onDroid) {
      this.__typename = __typename;
      this.onHuman = onHuman;
      this.onDroid = onDroid;
    }
  }

  public static class OnHuman {
    /**
     * Height in the preferred unit, default is meters
     */
    public Double height;

    public String __typename;

    public OnHuman(Double height, String __typename) {
      this.height = height;
      this.__typename = __typename;
    }
  }

  public static class OnDroid {
    /**
     * What others call this droid
     */
    public String name;

    public String __typename;

    /**
     * This droid's primary function
     */
    public String primaryFunction;

    public OnDroid(String name, String __typename, String primaryFunction) {
      this.name = name;
      this.__typename = __typename;
      this.primaryFunction = primaryFunction;
    }
  }
}
