//
// AUTO-GENERATED FILE. DO NOT MODIFY.
//
// This class was automatically generated by Apollo GraphQL version '$VERSION'.
//
package com.example.data_builders;

import com.apollographql.apollo3.api.CompiledField;
import com.apollographql.apollo3.api.CompositeAdapter;
import com.apollographql.apollo3.api.CustomScalarAdapters;
import com.apollographql.apollo3.api.DefaultFakeResolver;
import com.apollographql.apollo3.api.FakeResolver;
import com.apollographql.apollo3.api.FakeResolverKt;
import com.apollographql.apollo3.api.ObjectCompositeAdapter;
import com.apollographql.apollo3.api.Query;
import com.apollographql.apollo3.api.json.JsonWriter;
import com.example.data_builders.adapter.CharacterQuery_ResponseAdapter;
import com.example.data_builders.fragment.DroidFragment;
import com.example.data_builders.fragment.HumanFragment;
import com.example.data_builders.schema.__Schema;
import com.example.data_builders.selections.CharacterQuerySelections;
import com.example.data_builders.type.builder.QueryMap;
import java.io.IOException;
import java.lang.Override;
import java.lang.String;

public class CharacterQuery implements Query<CharacterQuery.Data> {
  public static final String OPERATION_ID = "f4b46cb156d293f68b745d169b5089b3e082087d36dea649b06aa4c6a7821e46";

  /**
   * The minimized GraphQL document being sent to the server to save a few bytes.
   * The un-minimized version is:
   *
   * query CharacterQuery {
   *   character {
   *     __typename
   *     id
   *     name
   *     ...HumanFragment
   *     ...DroidFragment
   *   }
   * }
   *
   * fragment HumanFragment on Human {
   *   homePlanet
   * }
   *
   * fragment DroidFragment on Droid {
   *   primaryFunction
   * }
   */
  public static final String OPERATION_DOCUMENT = "query CharacterQuery { character { __typename id name ...HumanFragment ...DroidFragment } }  fragment HumanFragment on Human { homePlanet }  fragment DroidFragment on Droid { primaryFunction }";

  public static final String OPERATION_NAME = "CharacterQuery";

  public CharacterQuery() {

  }

  public static Builder builder() {
    return new Builder();
  }

  @Override
  public String id() {
    return OPERATION_ID;
  }

  @Override
  public String document() {
    return OPERATION_DOCUMENT;
  }

  @Override
  public String name() {
    return OPERATION_NAME;
  }

  @Override
  public void serializeVariables(JsonWriter writer, CustomScalarAdapters customScalarAdapters,
      boolean withBooleanDefaultValues) throws IOException {
    // This operation doesn't have any variable
  }

  @Override
  public CompositeAdapter<Data> adapter() {
    return new ObjectCompositeAdapter<Data>(CharacterQuery_ResponseAdapter.Data.INSTANCE, false);
  }

  @Override
  public CompiledField rootField() {
    return new CompiledField.Builder(
      "data",
      com.example.data_builders.type.Query.type
    )
    .selections(CharacterQuerySelections.__root)
    .build();
  }

  public static Data buildData(QueryMap map, FakeResolver resolver) {
    return FakeResolverKt.buildData(
      com.example.data_builders.adapter.CharacterQuery_ResponseAdapter.Data.INSTANCE,
      CharacterQuerySelections.__root,
      "Query",
      map,
      resolver,
      __Schema.customScalarAdapters
    );
  }

  public static Data buildData(QueryMap map) {
    return buildData(map, new DefaultFakeResolver(__Schema.types));
  }

  public static final class Builder {
    Builder() {
    }

    public CharacterQuery build() {
      return new CharacterQuery();
    }
  }

  public static class Data implements Query.Data {
    public Character character;

    public Data(Character character) {
      this.character = character;
    }
  }

  public static class Character {
    public String __typename;

    public String id;

    public String name;

    /**
     * Synthetic field for 'HumanFragment'
     */
    public HumanFragment humanFragment;

    /**
     * Synthetic field for 'DroidFragment'
     */
    public DroidFragment droidFragment;

    public Character(String __typename, String id, String name, HumanFragment humanFragment,
        DroidFragment droidFragment) {
      this.__typename = __typename;
      this.id = id;
      this.name = name;
      this.humanFragment = humanFragment;
      this.droidFragment = droidFragment;
    }
  }
}
